[debug] [2025-11-13T08:25:31.433Z] ----------------------------------------------------------------------
[debug] [2025-11-13T08:25:31.435Z] Command:       /usr/local/share/nvm/versions/node/v22.17.0/bin/node /home/codespace/nvm/current/bin/firebase functions:shell
[debug] [2025-11-13T08:25:31.436Z] CLI Version:   14.24.2
[debug] [2025-11-13T08:25:31.436Z] Platform:      linux
[debug] [2025-11-13T08:25:31.436Z] Node Version:  v22.17.0
[debug] [2025-11-13T08:25:31.436Z] Time:          Thu Nov 13 2025 08:25:31 GMT+0000 (Coordinated Universal Time)
[debug] [2025-11-13T08:25:31.437Z] Env Overrides: GITHUB_API_URL, GITHUB_API_URL
[debug] [2025-11-13T08:25:31.437Z] ----------------------------------------------------------------------
[debug] 
[debug] [2025-11-13T08:25:31.800Z] > command requires scopes: ["email","openid","https://www.googleapis.com/auth/cloudplatformprojects.readonly","https://www.googleapis.com/auth/firebase","https://www.googleapis.com/auth/cloud-platform"]
[debug] [2025-11-13T08:25:31.801Z] > authorizing via signed-in user (lupca.tech@gmail.com)
[debug] [2025-11-13T08:25:31.801Z] [iam] checking project regagen for permissions ["firebase.projects.get"]
[debug] [2025-11-13T08:25:31.802Z] Checked if tokens are valid: true, expires at: 1763023934034
[debug] [2025-11-13T08:25:31.802Z] Checked if tokens are valid: true, expires at: 1763023934034
[debug] [2025-11-13T08:25:31.803Z] >>> [apiv2][query] POST https://cloudresourcemanager.googleapis.com/v1/projects/regagen:testIamPermissions [none]
[debug] [2025-11-13T08:25:31.803Z] >>> [apiv2][(partial)header] POST https://cloudresourcemanager.googleapis.com/v1/projects/regagen:testIamPermissions x-goog-quota-user=projects/regagen
[debug] [2025-11-13T08:25:31.803Z] >>> [apiv2][body] POST https://cloudresourcemanager.googleapis.com/v1/projects/regagen:testIamPermissions {"permissions":["firebase.projects.get"]}
[debug] [2025-11-13T08:25:32.053Z] <<< [apiv2][status] POST https://cloudresourcemanager.googleapis.com/v1/projects/regagen:testIamPermissions 200
[debug] [2025-11-13T08:25:32.053Z] <<< [apiv2][body] POST https://cloudresourcemanager.googleapis.com/v1/projects/regagen:testIamPermissions {"permissions":["firebase.projects.get"]}
[debug] [2025-11-13T08:25:32.053Z] Emulator locator file path: /tmp/hub-regagen.json
[debug] [2025-11-13T08:25:32.055Z] [functions] Functions Emulator only supports listening on one address (127.0.0.1). Not listening on ::1
[debug] [2025-11-13T08:25:32.064Z] defaultcredentials: writing to file /home/codespace/.config/firebase/lupca_tech_gmail.com_application_default_credentials.json
[debug] [2025-11-13T08:25:32.066Z] DEBUG: Setting GAC to /home/codespace/.config/firebase/lupca_tech_gmail.com_application_default_credentials.json
[debug] [2025-11-13T08:25:32.066Z] Checked if tokens are valid: true, expires at: 1763023934034
[debug] [2025-11-13T08:25:32.066Z] Checked if tokens are valid: true, expires at: 1763023934034
[debug] [2025-11-13T08:25:32.066Z] >>> [apiv2][query] GET https://firebase.googleapis.com/v1beta1/projects/regagen/adminSdkConfig [none]
[debug] [2025-11-13T08:25:33.000Z] <<< [apiv2][status] GET https://firebase.googleapis.com/v1beta1/projects/regagen/adminSdkConfig 200
[debug] [2025-11-13T08:25:33.000Z] <<< [apiv2][body] GET https://firebase.googleapis.com/v1beta1/projects/regagen/adminSdkConfig {"projectId":"regagen","storageBucket":"regagen.firebasestorage.app"}
[debug] [2025-11-13T08:25:33.013Z] [functions] Watching "/workspaces/ArmorOps/regagen/functions" for Cloud Functions...
[debug] [2025-11-13T08:25:33.017Z] Validating nodejs source
[warn] ⚠  functions: package.json indicates an outdated version of firebase-functions. Please upgrade using npm install --save firebase-functions@latest in your functions directory. 
[warn] ⚠  functions: Please note that there will be breaking changes when you upgrade. 
[debug] [2025-11-13T08:25:33.442Z] > [functions] package.json contents: {
  "name": "ragegen-functions",
  "scripts": {
    "build": "tsc",
    "serve": "npm run build && firebase emulators:start --only functions",
    "shell": "npm run build && firebase functions:shell",
    "start": "npm run shell",
    "deploy": "firebase deploy --only functions",
    "logs": "firebase functions:log"
  },
  "engines": {
    "node": "18"
  },
  "main": "lib/index.js",
  "dependencies": {
    "@google/genai": "^0.4.0",
    "firebase-admin": "^12.0.0",
    "firebase-functions": "^5.0.0",
    "dotenv": "^16.0.0"
  },
  "devDependencies": {
    "typescript": "^5.0.0"
  },
  "private": true
}
[debug] [2025-11-13T08:25:33.442Z] Building nodejs source
[debug] [2025-11-13T08:25:33.443Z] Failed to find version of module node: reached end of search path /workspaces/ArmorOps/regagen/functions/node_modules
[warn] ⚠  functions: Your requested "node" version "20" doesn't match your global version "22". Using node@22 from host. 
[info] i  functions: Loaded environment variables from .env. 
[debug] [2025-11-13T08:25:33.445Z] Could not find functions.yaml. Must use http discovery
[debug] [2025-11-13T08:25:33.447Z] Found firebase-functions binary at '/workspaces/ArmorOps/regagen/functions/node_modules/.bin/firebase-functions'
[info] Serving at port 8502

[debug] [2025-11-13T08:25:33.929Z] Got response from /__/functions.yaml {"endpoints":{"generateContent":{"platform":"gcfv1","labels":{},"availableMemoryMb":null,"timeoutSeconds":null,"minInstances":null,"maxInstances":null,"ingressSettings":null,"serviceAccountEmail":null,"vpc":null,"callableTrigger":{},"entryPoint":"generateContent"},"regeneratePlatform":{"platform":"gcfv1","labels":{},"availableMemoryMb":null,"timeoutSeconds":null,"minInstances":null,"maxInstances":null,"ingressSettings":null,"serviceAccountEmail":null,"vpc":null,"callableTrigger":{},"entryPoint":"regeneratePlatform"},"analyzeBrandVoice":{"platform":"gcfv1","labels":{},"availableMemoryMb":null,"timeoutSeconds":null,"minInstances":null,"maxInstances":null,"ingressSettings":null,"serviceAccountEmail":null,"vpc":null,"callableTrigger":{},"entryPoint":"analyzeBrandVoice"}},"specVersion":"v1alpha1","requiredAPIs":[],"extensions":{}}
